============================================================
PERFORMANCE ANALYSIS - OUTER FOLD TEST RESULTS
============================================================
Note: All metrics below are computed on held-out test subjects
from the outer cross-validation loop (never seen during training).

ALL TEST PERFORMANCE METRICS (OUTER FOLD EVALUATION):
-----------------------------------------------------------------
Metric               Mean     Std      Min      Max     
-----------------------------------------------------------------
Accuracy             0.7693   0.0877   0.6382   0.8742  
Balanced Accuracy    0.7112   0.1354   0.5508   0.8634  
F1                   0.5726   0.2276   0.3351   0.8346  
Pr Auc               0.6495   0.2417   0.3252   0.9180  
Precision            0.5083   0.4800   0.0000   1.0000  
Recall               0.9963   0.0082   0.9780   1.0000  
Roc Auc              0.7786   0.1614   0.5202   0.9210  

============================================================
HYPERPARAMETER ANALYSIS - INNER FOLD VALIDATION
============================================================
Note: Best parameters selected via inner cross-validation
on training data (excluding the outer fold test subject).

Hyperparameter optimization completed for each outer fold.
Best parameters selected based on inner cross-validation performance.

============================================================
PER-SUBJECT ANALYSIS - TEST PERFORMANCE
============================================================
Note: Each subject was held out as test data in one outer fold
(never used for training or hyperparameter tuning).

INDIVIDUAL SUBJECT TEST PERFORMANCE:
-----------------------------------------------------------------------------------------
Subject      F1         Roc Auc    Pr Auc     Accuracy   Precision  Recall     Balanced  
-----------------------------------------------------------------------------------------
PW_EM59      0.5993     0.8728     0.7450     0.7989     0.7792     1.0000     0.7723    
PW_FH57      0.7637     0.9008     0.8091     0.8240     0.8636     1.0000     0.8183    
PW_HK59      0.3540     0.6067     0.3252     0.6382     0.0000     1.0000     0.5508    
PW_HZ58      0.8346     0.9210     0.9180     0.8742     1.0000     0.9780     0.8634    
PW_SN61      0.3369     0.7328     0.5177     0.6604     0.0000     1.0000     0.5734    
PW_SN66      0.3351     0.5202     0.3719     0.7733     0.0000     1.0000     0.5845    
PW_US68      0.7848     0.8960     0.8598     0.8161     0.9154     0.9964     0.8157    

====================================================================================
DETAILED PER-SUBJECT TEST PERFORMANCE STATISTICS
====================================================================================
Note: Statistics for each subject when held out as test data.

============================================================
SUBJECT: PW_EM59 (Outer Fold 1)
============================================================
Metric               Value      Mean       Std        Min        Max       
--------------------------------------------------------------------------------
Accuracy             0.7989     0.7693     0.0877     0.6382     0.8742    
Balanced Accuracy    0.7723     0.7112     0.1354     0.5508     0.8634    
F1                   0.5993     0.5726     0.2276     0.3351     0.8346    
Pr Auc               0.7450     0.6495     0.2417     0.3252     0.9180    
Precision            0.7792     0.5083     0.4800     0.0000     1.0000    
Recall               1.0000     0.9963     0.0082     0.9780     1.0000    
Roc Auc              0.8728     0.7786     0.1614     0.5202     0.9210    

============================================================
SUBJECT: PW_FH57 (Outer Fold 2)
============================================================
Metric               Value      Mean       Std        Min        Max       
--------------------------------------------------------------------------------
Accuracy             0.8240     0.7693     0.0877     0.6382     0.8742    
Balanced Accuracy    0.8183     0.7112     0.1354     0.5508     0.8634    
F1                   0.7637     0.5726     0.2276     0.3351     0.8346    
Pr Auc               0.8091     0.6495     0.2417     0.3252     0.9180    
Precision            0.8636     0.5083     0.4800     0.0000     1.0000    
Recall               1.0000     0.9963     0.0082     0.9780     1.0000    
Roc Auc              0.9008     0.7786     0.1614     0.5202     0.9210    

============================================================
SUBJECT: PW_HK59 (Outer Fold 3)
============================================================
Metric               Value      Mean       Std        Min        Max       
--------------------------------------------------------------------------------
Accuracy             0.6382     0.7693     0.0877     0.6382     0.8742    
Balanced Accuracy    0.5508     0.7112     0.1354     0.5508     0.8634    
F1                   0.3540     0.5726     0.2276     0.3351     0.8346    
Pr Auc               0.3252     0.6495     0.2417     0.3252     0.9180    
Precision            0.0000     0.5083     0.4800     0.0000     1.0000    
Recall               1.0000     0.9963     0.0082     0.9780     1.0000    
Roc Auc              0.6067     0.7786     0.1614     0.5202     0.9210    

============================================================
SUBJECT: PW_HZ58 (Outer Fold 4)
============================================================
Metric               Value      Mean       Std        Min        Max       
--------------------------------------------------------------------------------
Accuracy             0.8742     0.7693     0.0877     0.6382     0.8742    
Balanced Accuracy    0.8634     0.7112     0.1354     0.5508     0.8634    
F1                   0.8346     0.5726     0.2276     0.3351     0.8346    
Pr Auc               0.9180     0.6495     0.2417     0.3252     0.9180    
Precision            1.0000     0.5083     0.4800     0.0000     1.0000    
Recall               0.9780     0.9963     0.0082     0.9780     1.0000    
Roc Auc              0.9210     0.7786     0.1614     0.5202     0.9210    

============================================================
SUBJECT: PW_SN61 (Outer Fold 5)
============================================================
Metric               Value      Mean       Std        Min        Max       
--------------------------------------------------------------------------------
Accuracy             0.6604     0.7693     0.0877     0.6382     0.8742    
Balanced Accuracy    0.5734     0.7112     0.1354     0.5508     0.8634    
F1                   0.3369     0.5726     0.2276     0.3351     0.8346    
Pr Auc               0.5177     0.6495     0.2417     0.3252     0.9180    
Precision            0.0000     0.5083     0.4800     0.0000     1.0000    
Recall               1.0000     0.9963     0.0082     0.9780     1.0000    
Roc Auc              0.7328     0.7786     0.1614     0.5202     0.9210    

============================================================
SUBJECT: PW_SN66 (Outer Fold 6)
============================================================
Metric               Value      Mean       Std        Min        Max       
--------------------------------------------------------------------------------
Accuracy             0.7733     0.7693     0.0877     0.6382     0.8742    
Balanced Accuracy    0.5845     0.7112     0.1354     0.5508     0.8634    
F1                   0.3351     0.5726     0.2276     0.3351     0.8346    
Pr Auc               0.3719     0.6495     0.2417     0.3252     0.9180    
Precision            0.0000     0.5083     0.4800     0.0000     1.0000    
Recall               1.0000     0.9963     0.0082     0.9780     1.0000    
Roc Auc              0.5202     0.7786     0.1614     0.5202     0.9210    

============================================================
SUBJECT: PW_US68 (Outer Fold 7)
============================================================
Metric               Value      Mean       Std        Min        Max       
--------------------------------------------------------------------------------
Accuracy             0.8161     0.7693     0.0877     0.6382     0.8742    
Balanced Accuracy    0.8157     0.7112     0.1354     0.5508     0.8634    
F1                   0.7848     0.5726     0.2276     0.3351     0.8346    
Pr Auc               0.8598     0.6495     0.2417     0.3252     0.9180    
Precision            0.9154     0.5083     0.4800     0.0000     1.0000    
Recall               0.9964     0.9963     0.0082     0.9780     1.0000    
Roc Auc              0.8960     0.7786     0.1614     0.5202     0.9210    

